
> apoteq@0.1.0 build
> next build

   Γû▓ Next.js 15.5.14
   - Environments: .env.local

   Creating an optimized production build ...
 Γ£ô Compiled successfully in 6.0s
   Linting and checking validity of types ...
npm : 
At line:1 char:1
+ npm run build > build_output.txt 2>&1
+ ~~~~~~~~~~~~~~~~~~~~~~~~~~~~~~~~~~~~~
    + CategoryInfo          : NotSpecified: (:String) [], RemoteException
    + FullyQualifiedErrorId : NativeCommandError
 
Failed to compile.

./src/app/(public)/obat/ [slug]/page.tsx
6:3  Warning: 'Calendar' is defined but never used.  @typescript-eslint/no-unused-vars
8:3  Warning: 'Pill' is defined but never used.  @typescript-eslint/no-unused-vars
116:19  Error: `"` can be escaped with `&quot;`, `&ldquo;`, `&#34;`, `&rdquo;`.  react/no-unescaped-entities
116:133  Error: `"` can be escaped with `&quot;`, `&ldquo;`, `&#34;`, `&rdquo;`.  react/no-unescaped-entities
201:16  Error: 'Button' is not defined.  react/jsx-no-undef

./src/app/(public)/obat/page.tsx
1:17  Warning: 'Suspense' is defined but never used.  @typescript-eslint/no-unused-vars
3:10  Warning: 'Pill' is defined but never used.  @typescript-eslint/no-unused-vars
6:10  Warning: 'Input' is defined but never used.  @typescript-eslint/no-unused-vars
48:24  Warning: 'error' is assigned a value but never used.  @typescript-eslint/no-unused-vars
143:16  Error: Use "@ts-expect-error" instead of "@ts-ignore", as "@ts-ignore" will do nothing if the following line is error-free.  @typescript-eslint/ban-ts-comment
145:55  Error: Unexpected any. Specify a different type.  @typescript-eslint/no-explicit-any

./src/app/(public)/obat/[slug]/page.tsx
6:3  Warning: 'Calendar' is defined but never used.  @typescript-eslint/no-unused-vars
8:3  Warning: 'Pill' is defined but never used.  @typescript-eslint/no-unused-vars
116:19  Error: `"` can be escaped with `&quot;`, `&ldquo;`, `&#34;`, `&rdquo;`.  react/no-unescaped-entities
116:133  Error: `"` can be escaped with `&quot;`, `&ldquo;`, `&#34;`, `&rdquo;`.  react/no-unescaped-entities
201:16  Error: 'Button' is not defined.  react/jsx-no-undef

./src/app/(public)/tanya/page.tsx
4:16  Warning: 'CardHeader' is defined but never used.  @typescript-eslint/no-unused-vars
4:41  Warning: 'CardTitle' is defined but never used.  @typescript-eslint/no-unused-vars
4:52  Warning: 'CardDescription' is defined but never used.  @typescript-eslint/no-unused-vars
6:10  Warning: 'MessageCircle' is defined but never used.  @typescript-eslint/no-unused-vars
6:31  Warning: 'Calendar' is defined but never used.  @typescript-eslint/no-unused-vars
91:23  Error: `"` can be escaped with `&quot;`, `&ldquo;`, `&#34;`, `&rdquo;`.  react/no-unescaped-entities
91:41  Error: `"` can be escaped with `&quot;`, `&ldquo;`, `&#34;`, `&rdquo;`.  react/no-unescaped-entities

./src/app/dashboard/admin/audit/page.tsx
4:25  Warning: 'Filter' is defined but never used.  @typescript-eslint/no-unused-vars
4:33  Warning: 'Shield' is defined but never used.  @typescript-eslint/no-unused-vars
4:41  Warning: 'User' is defined but never used.  @typescript-eslint/no-unused-vars
4:57  Warning: 'AlertCircle' is defined but never used.  @typescript-eslint/no-unused-vars
4:70  Warning: 'HardDrive' is defined but never used.  @typescript-eslint/no-unused-vars
4:81  Warning: 'ArrowRight' is defined but never used.  @typescript-eslint/no-unused-vars
5:16  Warning: 'CardHeader' is defined but never used.  @typescript-eslint/no-unused-vars
5:41  Warning: 'CardTitle' is defined but never used.  @typescript-eslint/no-unused-vars
5:52  Warning: 'CardDescription' is defined but never used.  @typescript-eslint/no-unused-vars
7:10  Warning: 'Button' is defined but never used.  @typescript-eslint/no-unused-vars
136:26  Error: Use "@ts-expect-error" instead of "@ts-ignore", as "@ts-ignore" will do nothing if the following line is error-free.  @typescript-eslint/ban-ts-comment

./src/app/dashboard/admin/users/page.tsx
5:25  Warning: 'Filter' is defined but never used.  @typescript-eslint/no-unused-vars
5:33  Warning: 'UserPlus' is defined but never used.  @typescript-eslint/no-unused-vars
5:67  Warning: 'AlertCircle' is defined but never used.  @typescript-eslint/no-unused-vars
6:16  Warning: 'CardHeader' is defined but never used.  @typescript-eslint/no-unused-vars
6:41  Warning: 'CardTitle' is defined but never used.  @typescript-eslint/no-unused-vars
6:52  Warning: 'CardDescription' is defined but never used.  @typescript-eslint/no-unused-vars
8:10  Warning: 'Button' is defined but never used.  @typescript-eslint/no-unused-vars

./src/app/dashboard/layout.tsx
25:9  Error: Unexpected any. Specify a different type.  @typescript-eslint/no-explicit-any

./src/app/dashboard/obat/page.tsx
3:24  Warning: 'Filter' is defined but never used.  @typescript-eslint/no-unused-vars
3:74  Warning: 'CheckCircle2' is defined but never used.  @typescript-eslint/no-unused-vars
3:88  Warning: 'History' is defined but never used.  @typescript-eslint/no-unused-vars
5:10  Warning: 'Input' is defined but never used.  @typescript-eslint/no-unused-vars
114:31  Error: Unexpected any. Specify a different type.  @typescript-eslint/no-explicit-any

./src/app/dashboard/page.tsx
19:10  Warning: 'Badge' is defined but never used.  @typescript-eslint/no-unused-vars

./src/app/dashboard/tanya/page.tsx
5:25  Warning: 'Filter' is defined but never used.  @typescript-eslint/no-unused-vars
6:16  Warning: 'CardHeader' is defined but never used.  @typescript-eslint/no-unused-vars
6:28  Warning: 'CardTitle' is defined but never used.  @typescript-eslint/no-unused-vars
6:39  Warning: 'CardDescription' is defined but never used.  @typescript-eslint/no-unused-vars
60:28  Error: Unexpected any. Specify a different type.  @typescript-eslint/no-explicit-any
103:49  Error: Unexpected any. Specify a different type.  @typescript-eslint/no-explicit-any

./src/app/dashboard/verifikasi/%5Bid%5D/page.tsx
5:3  Warning: 'BadgeCheck' is defined but never used.  @typescript-eslint/no-unused-vars
6:3  Warning: 'Calendar' is defined but never used.  @typescript-eslint/no-unused-vars
7:3  Warning: 'User' is defined but never used.  @typescript-eslint/no-unused-vars
10:3  Warning: 'ChevronRight' is defined but never used.  @typescript-eslint/no-unused-vars
13:3  Warning: 'History' is defined but never used.  @typescript-eslint/no-unused-vars
14:3  Warning: 'Shield' is defined but never used.  @typescript-eslint/no-unused-vars
15:3  Warning: 'HelpCircle' is defined but never used.  @typescript-eslint/no-unused-vars
16:3  Warning: 'Clock' is defined but never used.  @typescript-eslint/no-unused-vars
20:10  Warning: 'Card' is defined but never used.  @typescript-eslint/no-unused-vars
20:16  Warning: 'CardHeader' is defined but never used.  @typescript-eslint/no-unused-vars
20:28  Warning: 'CardTitle' is defined but never used.  @typescript-eslint/no-unused-vars
20:39  Warning: 'CardContent' is defined but never used.  @typescript-eslint/no-unused-vars
139:17  Error: `"` can be escaped with `&quot;`, `&ldquo;`, `&#34;`, `&rdquo;`.  react/no-unescaped-entities
139:71  Error: `"` can be escaped with `&quot;`, `&ldquo;`, `&#34;`, `&rdquo;`.  react/no-unescaped-entities

./src/app/dashboard/verifikasi/page.tsx
4:26  Warning: 'Filter' is defined but never used.  @typescript-eslint/no-unused-vars
4:54  Warning: 'Eye' is defined but never used.  @typescript-eslint/no-unused-vars
6:29  Warning: 'CardHeader' is defined but never used.  @typescript-eslint/no-unused-vars
6:41  Warning: 'CardTitle' is defined but never used.  @typescript-eslint/no-unused-vars
6:52  Warning: 'CardDescription' is defined but never used.  @typescript-eslint/no-unused-vars
102:28  Error: Use "@ts-expect-error" instead of "@ts-ignore", as "@ts-ignore" will do nothing if the following line is error-free.  @typescript-eslint/ban-ts-comment

./src/components/auth/LoginForm.tsx
53:14  Warning: 'err' is defined but never used.  @typescript-eslint/no-unused-vars

./src/components/auth/RegisterForm.tsx
21:46  Warning: 'val' is defined but never used.  @typescript-eslint/no-unused-vars
63:15  Warning: 'data' is assigned a value but never used.  @typescript-eslint/no-unused-vars
85:14  Warning: 'err' is defined but never used.  @typescript-eslint/no-unused-vars

./src/components/dashboard/QuestionList.tsx
61:14  Warning: '_' is defined but never used.  @typescript-eslint/no-unused-vars

./src/components/dashboard/UserTable.tsx
51:14  Warning: '_' is defined but never used.  @typescript-eslint/no-unused-vars
69:14  Warning: '_' is defined but never used.  @typescript-eslint/no-unused-vars

./src/components/drug/DrugForm.tsx
187:14  Warning: '_' is defined but never used.  @typescript-eslint/no-unused-vars

./src/components/drug/PublicQuestionForm.tsx
64:14  Warning: '_' is defined but never used.  @typescript-eslint/no-unused-vars

info  - Need to disable some ESLint rules? Learn more here: https://nextjs.org/docs/app/api-reference/config/eslint#disabling-rules
